<?xml version="1.0" encoding="UTF-8"?>
<TestRun id="29053663-469a-4179-abf1-56c1e6e5418b" name="asatou wagne@DANIEL 2012-02-28 15:01:20" runUser="DANIEL\asatou wagne" xmlns="http://microsoft.com/schemas/VisualStudio/TeamTest/2010">
  <TestSettings name="Local" id="8f782d86-50d5-4c23-97e7-f5838657182f">
    <Description>These are default test settings for a local test run.</Description>
    <Deployment enabled="false" runDeploymentRoot="asatou wagne_DANIEL 2012-02-28 15_01_20">
      <DeploymentItem filename="C:\Users\asatou wagne\Team18\Team18\WindowsGame1\WindowsGame1\WindowsGame1\bin\x86\Debug\WindowsGame1.exe" />
    </Deployment>
    <Execution>
      <TestTypeSpecific />
      <AgentRule name="Execution Agents">
      </AgentRule>
    </Execution>
  </TestSettings>
  <Times creation="2012-02-28T15:01:20.8486001-06:00" queuing="2012-02-28T15:01:20.8636010-06:00" start="2012-02-28T15:01:20.8806019-06:00" finish="2012-02-28T15:01:21.5006374-06:00" />
  <ResultSummary outcome="Failed">
    <Counters total="9" executed="9" passed="1" error="0" failed="6" timeout="0" aborted="0" inconclusive="2" passedButRunAborted="0" notRunnable="0" notExecuted="0" disconnected="0" warning="0" completed="0" inProgress="0" pending="0" />
  </ResultSummary>
  <TestDefinitions>
    <UnitTest name="TestPlay" storage="c:\users\asatou wagne\team18\team18\windowsgame1\testproject1\bin\debug\testproject1.dll" id="160abda5-5823-8eb7-c2b9-6be23a26d358">
      <Execution id="3e150d45-9463-4fa7-adea-3b147aacf6a2" />
      <TestMethod codeBase="C:/Users/asatou wagne/Team18/Team18/WindowsGame1/TestProject1/bin/Debug/TestProject1.DLL" adapterTypeName="Microsoft.VisualStudio.TestTools.TestTypes.Unit.UnitTestAdapter, Microsoft.VisualStudio.QualityTools.Tips.UnitTest.Adapter, Version=10.0.0.0, Culture=neutral, PublicKeyToken=b03f5f7f11d50a3a" className="WindowsGame1.ButtonTest, TestProject1, Version=1.0.0.0, Culture=neutral, PublicKeyToken=null" name="TestPlay" />
    </UnitTest>
    <UnitTest name="UpdateTest" storage="c:\users\asatou wagne\team18\team18\windowsgame1\testproject1\bin\debug\testproject1.dll" id="c19f6492-facf-a78f-c74f-23ef0801c973">
      <Execution id="10caf654-6895-441b-9dfa-7a21d56ad5b6" />
      <TestMethod codeBase="C:/Users/asatou wagne/Team18/Team18/WindowsGame1/TestProject1/bin/Debug/TestProject1.DLL" adapterTypeName="Microsoft.VisualStudio.TestTools.TestTypes.Unit.UnitTestAdapter, Microsoft.VisualStudio.QualityTools.Tips.UnitTest.Adapter, Version=10.0.0.0, Culture=neutral, PublicKeyToken=b03f5f7f11d50a3a" className="TestProject1.SpriteTest, TestProject1, Version=1.0.0.0, Culture=neutral, PublicKeyToken=null" name="UpdateTest" />
    </UnitTest>
    <UnitTest name="DrawTest" storage="c:\users\asatou wagne\team18\team18\windowsgame1\testproject1\bin\debug\testproject1.dll" id="a3a98f54-c32c-46a8-fe63-010bfbf84c0d">
      <Execution id="790e5cb4-1605-44cb-8e16-7d20c4f8de4c" />
      <TestMethod codeBase="C:/Users/asatou wagne/Team18/Team18/WindowsGame1/TestProject1/bin/Debug/TestProject1.DLL" adapterTypeName="Microsoft.VisualStudio.TestTools.TestTypes.Unit.UnitTestAdapter, Microsoft.VisualStudio.QualityTools.Tips.UnitTest.Adapter, Version=10.0.0.0, Culture=neutral, PublicKeyToken=b03f5f7f11d50a3a" className="TestProject1.SpriteTest, TestProject1, Version=1.0.0.0, Culture=neutral, PublicKeyToken=null" name="DrawTest" />
    </UnitTest>
    <UnitTest name="ScaleTest" storage="c:\users\asatou wagne\team18\team18\windowsgame1\testproject1\bin\debug\testproject1.dll" id="6db6a230-86db-58d1-25ff-b0299bdaf50e">
      <Execution id="bb2b848c-fa28-46aa-8c7f-5ed83aae2597" />
      <TestMethod codeBase="C:/Users/asatou wagne/Team18/Team18/WindowsGame1/TestProject1/bin/Debug/TestProject1.DLL" adapterTypeName="Microsoft.VisualStudio.TestTools.TestTypes.Unit.UnitTestAdapter, Microsoft.VisualStudio.QualityTools.Tips.UnitTest.Adapter, Version=10.0.0.0, Culture=neutral, PublicKeyToken=b03f5f7f11d50a3a" className="TestProject1.SpriteTest, TestProject1, Version=1.0.0.0, Culture=neutral, PublicKeyToken=null" name="ScaleTest" />
    </UnitTest>
    <UnitTest name="UpdateTest1" storage="c:\users\asatou wagne\team18\team18\windowsgame1\testproject1\bin\debug\testproject1.dll" id="c28a5beb-6866-418f-e106-1ab8c1ad2233">
      <Execution id="010af117-3b32-48ed-81f5-1cafbeea6dd0" />
      <TestMethod codeBase="C:/Users/asatou wagne/Team18/Team18/WindowsGame1/TestProject1/bin/Debug/TestProject1.DLL" adapterTypeName="Microsoft.VisualStudio.TestTools.TestTypes.Unit.UnitTestAdapter, Microsoft.VisualStudio.QualityTools.Tips.UnitTest.Adapter, Version=10.0.0.0, Culture=neutral, PublicKeyToken=b03f5f7f11d50a3a" className="TestProject1.SpriteTest, TestProject1, Version=1.0.0.0, Culture=neutral, PublicKeyToken=null" name="UpdateTest1" />
    </UnitTest>
    <UnitTest name="SpriteConstructorTest" storage="c:\users\asatou wagne\team18\team18\windowsgame1\testproject1\bin\debug\testproject1.dll" id="ede66986-9f00-6c84-2a2c-4bcd1205cc54">
      <Execution id="0276c58f-7ba9-4917-a231-2f9c64e51793" />
      <TestMethod codeBase="C:/Users/asatou wagne/Team18/Team18/WindowsGame1/TestProject1/bin/Debug/TestProject1.DLL" adapterTypeName="Microsoft.VisualStudio.TestTools.TestTypes.Unit.UnitTestAdapter, Microsoft.VisualStudio.QualityTools.Tips.UnitTest.Adapter, Version=10.0.0.0, Culture=neutral, PublicKeyToken=b03f5f7f11d50a3a" className="TestProject1.SpriteTest, TestProject1, Version=1.0.0.0, Culture=neutral, PublicKeyToken=null" name="SpriteConstructorTest" />
    </UnitTest>
    <UnitTest name="LoadContentTest" storage="c:\users\asatou wagne\team18\team18\windowsgame1\testproject1\bin\debug\testproject1.dll" id="ad7d9037-7d6d-bb37-b6b5-3c811f22160d">
      <Execution id="6755981b-ca0f-457f-ae01-6631afa26cd3" />
      <TestMethod codeBase="C:/Users/asatou wagne/Team18/Team18/WindowsGame1/TestProject1/bin/Debug/TestProject1.DLL" adapterTypeName="Microsoft.VisualStudio.TestTools.TestTypes.Unit.UnitTestAdapter, Microsoft.VisualStudio.QualityTools.Tips.UnitTest.Adapter, Version=10.0.0.0, Culture=neutral, PublicKeyToken=b03f5f7f11d50a3a" className="TestProject1.SpriteTest, TestProject1, Version=1.0.0.0, Culture=neutral, PublicKeyToken=null" name="LoadContentTest" />
    </UnitTest>
    <UnitTest name="TestExit" storage="c:\users\asatou wagne\team18\team18\windowsgame1\testproject1\bin\debug\testproject1.dll" id="969bb499-574b-8e4f-11de-83ca9f95b5ea">
      <Execution id="0a7d6da9-828a-4b35-9b27-d783945c70ca" />
      <TestMethod codeBase="C:/Users/asatou wagne/Team18/Team18/WindowsGame1/TestProject1/bin/Debug/TestProject1.DLL" adapterTypeName="Microsoft.VisualStudio.TestTools.TestTypes.Unit.UnitTestAdapter, Microsoft.VisualStudio.QualityTools.Tips.UnitTest.Adapter, Version=10.0.0.0, Culture=neutral, PublicKeyToken=b03f5f7f11d50a3a" className="WindowsGame1.ButtonTest, TestProject1, Version=1.0.0.0, Culture=neutral, PublicKeyToken=null" name="TestExit" />
    </UnitTest>
    <UnitTest name="updatePosTest" storage="c:\users\asatou wagne\team18\team18\windowsgame1\testproject1\bin\debug\testproject1.dll" id="9c9d7cd7-3b69-f943-f4fd-f6874a165428">
      <Execution id="a76da53a-c97c-4bd3-89ac-046b1a8b0cff" />
      <TestMethod codeBase="C:/Users/asatou wagne/Team18/Team18/WindowsGame1/TestProject1/bin/Debug/TestProject1.DLL" adapterTypeName="Microsoft.VisualStudio.TestTools.TestTypes.Unit.UnitTestAdapter, Microsoft.VisualStudio.QualityTools.Tips.UnitTest.Adapter, Version=10.0.0.0, Culture=neutral, PublicKeyToken=b03f5f7f11d50a3a" className="TestProject1.SpriteTest, TestProject1, Version=1.0.0.0, Culture=neutral, PublicKeyToken=null" name="updatePosTest" />
    </UnitTest>
  </TestDefinitions>
  <TestLists>
    <TestList name="Results Not in a List" id="8c84fa94-04c1-424b-9868-57a2d4851a1d" />
    <TestList name="All Loaded Results" id="19431567-8539-422a-85d7-44ee4e166bda" />
  </TestLists>
  <TestEntries>
    <TestEntry testId="160abda5-5823-8eb7-c2b9-6be23a26d358" executionId="3e150d45-9463-4fa7-adea-3b147aacf6a2" testListId="8c84fa94-04c1-424b-9868-57a2d4851a1d" />
    <TestEntry testId="6db6a230-86db-58d1-25ff-b0299bdaf50e" executionId="bb2b848c-fa28-46aa-8c7f-5ed83aae2597" testListId="8c84fa94-04c1-424b-9868-57a2d4851a1d" />
    <TestEntry testId="969bb499-574b-8e4f-11de-83ca9f95b5ea" executionId="0a7d6da9-828a-4b35-9b27-d783945c70ca" testListId="8c84fa94-04c1-424b-9868-57a2d4851a1d" />
    <TestEntry testId="9c9d7cd7-3b69-f943-f4fd-f6874a165428" executionId="a76da53a-c97c-4bd3-89ac-046b1a8b0cff" testListId="8c84fa94-04c1-424b-9868-57a2d4851a1d" />
    <TestEntry testId="a3a98f54-c32c-46a8-fe63-010bfbf84c0d" executionId="790e5cb4-1605-44cb-8e16-7d20c4f8de4c" testListId="8c84fa94-04c1-424b-9868-57a2d4851a1d" />
    <TestEntry testId="ad7d9037-7d6d-bb37-b6b5-3c811f22160d" executionId="6755981b-ca0f-457f-ae01-6631afa26cd3" testListId="8c84fa94-04c1-424b-9868-57a2d4851a1d" />
    <TestEntry testId="c19f6492-facf-a78f-c74f-23ef0801c973" executionId="10caf654-6895-441b-9dfa-7a21d56ad5b6" testListId="8c84fa94-04c1-424b-9868-57a2d4851a1d" />
    <TestEntry testId="c28a5beb-6866-418f-e106-1ab8c1ad2233" executionId="010af117-3b32-48ed-81f5-1cafbeea6dd0" testListId="8c84fa94-04c1-424b-9868-57a2d4851a1d" />
    <TestEntry testId="ede66986-9f00-6c84-2a2c-4bcd1205cc54" executionId="0276c58f-7ba9-4917-a231-2f9c64e51793" testListId="8c84fa94-04c1-424b-9868-57a2d4851a1d" />
  </TestEntries>
  <Results>
    <UnitTestResult executionId="3e150d45-9463-4fa7-adea-3b147aacf6a2" testId="160abda5-5823-8eb7-c2b9-6be23a26d358" testName="TestPlay" computerName="DANIEL" duration="00:00:00.0215399" startTime="2012-02-28T15:01:20.9196042-06:00" endTime="2012-02-28T15:01:21.2666240-06:00" testType="13cdc9d9-ddb5-4fa4-a97d-d965ccfc6d4b" outcome="Passed" testListId="8c84fa94-04c1-424b-9868-57a2d4851a1d" relativeResultsDirectory="3e150d45-9463-4fa7-adea-3b147aacf6a2">
    </UnitTestResult>
    <UnitTestResult executionId="bb2b848c-fa28-46aa-8c7f-5ed83aae2597" testId="6db6a230-86db-58d1-25ff-b0299bdaf50e" testName="ScaleTest" computerName="DANIEL" duration="00:00:00.0313435" startTime="2012-02-28T15:01:21.2696242-06:00" endTime="2012-02-28T15:01:21.3196270-06:00" testType="13cdc9d9-ddb5-4fa4-a97d-d965ccfc6d4b" outcome="Failed" testListId="8c84fa94-04c1-424b-9868-57a2d4851a1d" relativeResultsDirectory="bb2b848c-fa28-46aa-8c7f-5ed83aae2597">
      <Output>
        <ErrorInfo>
          <Message>Test method TestProject1.SpriteTest.ScaleTest threw exception: 
System.NullReferenceException: Object reference not set to an instance of an object.</Message>
          <StackTrace>    at WindowsGame1.Sprite.set_Scale(Single value) in C:\Users\asatou wagne\Team18\Team18\WindowsGame1\WindowsGame1\WindowsGame1\Sprite.cs:line 40
   at TestProject1.SpriteTest.ScaleTest() in C:\Users\asatou wagne\Team18\Team18\WindowsGame1\TestProject1\SpriteTest.cs:line 152
</StackTrace>
        </ErrorInfo>
      </Output>
    </UnitTestResult>
    <UnitTestResult executionId="0a7d6da9-828a-4b35-9b27-d783945c70ca" testId="969bb499-574b-8e4f-11de-83ca9f95b5ea" testName="TestExit" computerName="DANIEL" duration="00:00:00.0040802" startTime="2012-02-28T15:01:21.3346279-06:00" endTime="2012-02-28T15:01:21.3496288-06:00" testType="13cdc9d9-ddb5-4fa4-a97d-d965ccfc6d4b" outcome="Failed" testListId="8c84fa94-04c1-424b-9868-57a2d4851a1d" relativeResultsDirectory="0a7d6da9-828a-4b35-9b27-d783945c70ca">
      <Output>
        <ErrorInfo>
          <Message>Assert.AreSame failed. </Message>
          <StackTrace>   at WindowsGame1.ButtonTest.TestExit() in C:\Users\asatou wagne\Team18\Team18\WindowsGame1\TestProject1\ButtonTest.cs:line 32
</StackTrace>
        </ErrorInfo>
      </Output>
    </UnitTestResult>
    <UnitTestResult executionId="a76da53a-c97c-4bd3-89ac-046b1a8b0cff" testId="9c9d7cd7-3b69-f943-f4fd-f6874a165428" testName="updatePosTest" computerName="DANIEL" duration="00:00:00.0034585" startTime="2012-02-28T15:01:21.3546290-06:00" endTime="2012-02-28T15:01:21.3746302-06:00" testType="13cdc9d9-ddb5-4fa4-a97d-d965ccfc6d4b" outcome="Inconclusive" testListId="8c84fa94-04c1-424b-9868-57a2d4851a1d" relativeResultsDirectory="a76da53a-c97c-4bd3-89ac-046b1a8b0cff">
      <Output>
        <ErrorInfo>
          <Message>Assert.Inconclusive failed. A method that does not return a value cannot be verified.</Message>
          <StackTrace>   at TestProject1.SpriteTest.updatePosTest() in C:\Users\asatou wagne\Team18\Team18\WindowsGame1\TestProject1\SpriteTest.cs:line 140
</StackTrace>
        </ErrorInfo>
      </Output>
    </UnitTestResult>
    <UnitTestResult executionId="790e5cb4-1605-44cb-8e16-7d20c4f8de4c" testId="a3a98f54-c32c-46a8-fe63-010bfbf84c0d" testName="DrawTest" computerName="DANIEL" duration="00:00:00.0029506" startTime="2012-02-28T15:01:21.3766303-06:00" endTime="2012-02-28T15:01:21.3876309-06:00" testType="13cdc9d9-ddb5-4fa4-a97d-d965ccfc6d4b" outcome="Failed" testListId="8c84fa94-04c1-424b-9868-57a2d4851a1d" relativeResultsDirectory="790e5cb4-1605-44cb-8e16-7d20c4f8de4c">
      <Output>
        <ErrorInfo>
          <Message>Test method TestProject1.SpriteTest.DrawTest threw exception: 
System.NullReferenceException: Object reference not set to an instance of an object.</Message>
          <StackTrace>    at WindowsGame1.Sprite.Draw(SpriteBatch theSpriteBatch) in C:\Users\asatou wagne\Team18\Team18\WindowsGame1\WindowsGame1\WindowsGame1\Sprite.cs:line 61
   at TestProject1.SpriteTest.DrawTest() in C:\Users\asatou wagne\Team18\Team18\WindowsGame1\TestProject1\SpriteTest.cs:line 88
</StackTrace>
        </ErrorInfo>
      </Output>
    </UnitTestResult>
    <UnitTestResult executionId="6755981b-ca0f-457f-ae01-6631afa26cd3" testId="ad7d9037-7d6d-bb37-b6b5-3c811f22160d" testName="LoadContentTest" computerName="DANIEL" duration="00:00:00.0027936" startTime="2012-02-28T15:01:21.3916312-06:00" endTime="2012-02-28T15:01:21.4116323-06:00" testType="13cdc9d9-ddb5-4fa4-a97d-d965ccfc6d4b" outcome="Failed" testListId="8c84fa94-04c1-424b-9868-57a2d4851a1d" relativeResultsDirectory="6755981b-ca0f-457f-ae01-6631afa26cd3">
      <Output>
        <ErrorInfo>
          <Message>Test method TestProject1.SpriteTest.LoadContentTest threw exception: 
System.NullReferenceException: Object reference not set to an instance of an object.</Message>
          <StackTrace>    at WindowsGame1.Sprite.LoadContent(ContentManager theContentManager, String theAssetName) in C:\Users\asatou wagne\Team18\Team18\WindowsGame1\WindowsGame1\WindowsGame1\Sprite.cs:line 47
   at TestProject1.SpriteTest.LoadContentTest() in C:\Users\asatou wagne\Team18\Team18\WindowsGame1\TestProject1\SpriteTest.cs:line 101
</StackTrace>
        </ErrorInfo>
      </Output>
    </UnitTestResult>
    <UnitTestResult executionId="10caf654-6895-441b-9dfa-7a21d56ad5b6" testId="c19f6492-facf-a78f-c74f-23ef0801c973" testName="UpdateTest" computerName="DANIEL" duration="00:00:00.0057042" startTime="2012-02-28T15:01:21.4146325-06:00" endTime="2012-02-28T15:01:21.4316335-06:00" testType="13cdc9d9-ddb5-4fa4-a97d-d965ccfc6d4b" outcome="Failed" testListId="8c84fa94-04c1-424b-9868-57a2d4851a1d" relativeResultsDirectory="10caf654-6895-441b-9dfa-7a21d56ad5b6">
      <Output>
        <ErrorInfo>
          <Message>Test method TestProject1.SpriteTest.UpdateTest threw exception: 
System.NotImplementedException: The method or operation is not implemented.</Message>
          <StackTrace>    at WindowsGame1.Sprite.Update(GameTime gameTime) in C:\Users\asatou wagne\Team18\Team18\WindowsGame1\WindowsGame1\WindowsGame1\Sprite.cs:line 72
   at TestProject1.SpriteTest.UpdateTest() in C:\Users\asatou wagne\Team18\Team18\WindowsGame1\TestProject1\SpriteTest.cs:line 113
</StackTrace>
        </ErrorInfo>
      </Output>
    </UnitTestResult>
    <UnitTestResult executionId="010af117-3b32-48ed-81f5-1cafbeea6dd0" testId="c28a5beb-6866-418f-e106-1ab8c1ad2233" testName="UpdateTest1" computerName="DANIEL" duration="00:00:00.0025903" startTime="2012-02-28T15:01:21.4416340-06:00" endTime="2012-02-28T15:01:21.4526347-06:00" testType="13cdc9d9-ddb5-4fa4-a97d-d965ccfc6d4b" outcome="Failed" testListId="8c84fa94-04c1-424b-9868-57a2d4851a1d" relativeResultsDirectory="010af117-3b32-48ed-81f5-1cafbeea6dd0">
      <Output>
        <ErrorInfo>
          <Message>Test method TestProject1.SpriteTest.UpdateTest1 threw exception: 
System.NullReferenceException: Object reference not set to an instance of an object.</Message>
          <StackTrace>    at WindowsGame1.Sprite.Update(GameTime theGameTime, Vector2 theSpeed, Vector2 theDirection) in C:\Users\asatou wagne\Team18\Team18\WindowsGame1\WindowsGame1\WindowsGame1\Sprite.cs:line 55
   at TestProject1.SpriteTest.UpdateTest1() in C:\Users\asatou wagne\Team18\Team18\WindowsGame1\TestProject1\SpriteTest.cs:line 127
</StackTrace>
        </ErrorInfo>
      </Output>
    </UnitTestResult>
    <UnitTestResult executionId="0276c58f-7ba9-4917-a231-2f9c64e51793" testId="ede66986-9f00-6c84-2a2c-4bcd1205cc54" testName="SpriteConstructorTest" computerName="DANIEL" duration="00:00:00.0009028" startTime="2012-02-28T15:01:21.4556348-06:00" endTime="2012-02-28T15:01:21.4666355-06:00" testType="13cdc9d9-ddb5-4fa4-a97d-d965ccfc6d4b" outcome="Inconclusive" testListId="8c84fa94-04c1-424b-9868-57a2d4851a1d" relativeResultsDirectory="0276c58f-7ba9-4917-a231-2f9c64e51793">
      <Output>
        <ErrorInfo>
          <Message>Assert.Inconclusive failed. TODO: Implement code to verify target</Message>
          <StackTrace>   at TestProject1.SpriteTest.SpriteConstructorTest() in C:\Users\asatou wagne\Team18\Team18\WindowsGame1\TestProject1\SpriteTest.cs:line 77
</StackTrace>
        </ErrorInfo>
      </Output>
    </UnitTestResult>
  </Results>
</TestRun>